src/componentes/Navegacion.tsx(1,1): error TS6133: 'React' is declared but its value is never read.
src/componentes/Navegacion.tsx(2,23): error TS6133: 'Instagram' is declared but its value is never read.
src/componentes/Navegacion.tsx(2,46): error TS6133: 'Fb' is declared but its value is never read.
src/componentes/Navegacion.tsx(2,50): error TS6133: 'MessageCircle' is declared but its value is never read.
src/contextos/AutenticacionContexto.tsx(2,10): error TS1484: 'User' is a type and must be imported using a type-only import when 'verbatimModuleSyntax' is enabled.
src/contextos/AutenticacionContexto.tsx(2,16): error TS1484: 'Session' is a type and must be imported using a type-only import when 'verbatimModuleSyntax' is enabled.
src/paginas/Acceso.tsx(1,8): error TS6133: 'React' is declared but its value is never read.
src/paginas/Acceso.tsx(4,25): error TS1484: 'DatosAcceso' is a type and must be imported using a type-only import when 'verbatimModuleSyntax' is enabled.
src/paginas/Admin.tsx(1,8): error TS6133: 'React' is declared but its value is never read.
src/paginas/Admin.tsx(2,22): error TS1484: 'Licor' is a type and must be imported using a type-only import when 'verbatimModuleSyntax' is enabled.
src/paginas/Admin.tsx(9,24): error TS1484: 'DatosLicor' is a type and must be imported using a type-only import when 'verbatimModuleSyntax' is enabled.
src/paginas/Admin.tsx(13,20): error TS6133: 'cargando' is declared but its value is never read.
src/paginas/Admin.tsx(20,5): error TS2322: Type 'Resolver<{ nombre: string; descripcion: string; precio: number; categoria: string; historia: string; stock?: number | undefined; is_active?: boolean | undefined; }, any, { nombre: string; descripcion: string; ... 4 more ...; is_active: boolean; }>' is not assignable to type 'Resolver<{ nombre: string; descripcion: string; precio: number; categoria: string; historia: string; stock: number; is_active: boolean; }, any, { nombre: string; descripcion: string; precio: number; categoria: string; historia: string; stock: number; is_active: boolean; }>'.
  Types of parameters 'options' and 'options' are incompatible.
    Type 'ResolverOptions<{ nombre: string; descripcion: string; precio: number; categoria: string; historia: string; stock: number; is_active: boolean; }>' is not assignable to type 'ResolverOptions<{ nombre: string; descripcion: string; precio: number; categoria: string; historia: string; stock?: number | undefined; is_active?: boolean | undefined; }>'.
      Type 'number | undefined' is not assignable to type 'number'.
        Type 'undefined' is not assignable to type 'number'.
src/paginas/Admin.tsx(180,42): error TS2345: Argument of type '(datos: DatosLicor) => Promise<void>' is not assignable to parameter of type 'SubmitHandler<TFieldValues>'.
  Types of parameters 'datos' and 'data' are incompatible.
    Type 'TFieldValues' is not assignable to type '{ nombre: string; descripcion: string; precio: number; categoria: string; historia: string; stock: number; is_active: boolean; }'.
      Type 'FieldValues' is missing the following properties from type '{ nombre: string; descripcion: string; precio: number; categoria: string; historia: string; stock: number; is_active: boolean; }': nombre, descripcion, precio, categoria, and 3 more.
src/paginas/Inicio.tsx(1,8): error TS6133: 'React' is declared but its value is never read.
src/paginas/Inicio.tsx(2,22): error TS1484: 'Licor' is a type and must be imported using a type-only import when 'verbatimModuleSyntax' is enabled.
src/paginas/Inicio.tsx(2,22): error TS6133: 'Licor' is declared but its value is never read.
